TAP version 13
ok 1 - X_Database_Database_Test::test__construct
ok 2 - X_Database_Mangement_Test::testAddDb
ok 3 - X_Database_Mangement_Test::testGetDb
ok 4 - X_Database_Mangement_Test::testHasDb
ok 5 - X_Database_Mangement_Test::testSwitchTo
ok 6 - X_Database_Mangement_Test::testGetCurrentDbName
ok 7 - X_Database_Mangement_Test::testRemoveDb
ok 8 - X\Database\Test\ActiveRecord\X_Database_ActiveRecord_ActiveRecord_Test::testRegisterEventHandler
ok 9 - X\Database\Test\ActiveRecord\X_Database_ActiveRecord_ActiveRecord_Test::testOnAfterSave
ok 10 - X\Database\Test\ActiveRecord\X_Database_ActiveRecord_ActiveRecord_Test::testOnAfterInsert
ok 11 - X\Database\Test\ActiveRecord\X_Database_ActiveRecord_ActiveRecord_Test::testOnAfterUpdate
ok 12 - X\Database\Test\ActiveRecord\X_Database_ActiveRecord_ActiveRecord_Test::testOnAfterValidate
ok 13 - X\Database\Test\ActiveRecord\X_Database_ActiveRecord_ActiveRecord_Test::testOnAfterFind
ok 14 - X\Database\Test\ActiveRecord\X_Database_ActiveRecord_ActiveRecord_Test::testOnAfterDelete
ok 15 - X\Database\Test\ActiveRecord\X_Database_ActiveRecord_ActiveRecord_Test::testOnBeforeSave
ok 16 - X\Database\Test\ActiveRecord\X_Database_ActiveRecord_ActiveRecord_Test::testOnBeforeInsert
ok 17 - X\Database\Test\ActiveRecord\X_Database_ActiveRecord_ActiveRecord_Test::testOnBeforeUpdate
ok 18 - X\Database\Test\ActiveRecord\X_Database_ActiveRecord_ActiveRecord_Test::testOnBeforeValidate
ok 19 - X\Database\Test\ActiveRecord\X_Database_ActiveRecord_ActiveRecord_Test::testOnBeforeFind
ok 20 - X\Database\Test\ActiveRecord\X_Database_ActiveRecord_ActiveRecord_Test::testOnBeforeDelete
ok 21 - X\Database\Test\ActiveRecord\X_Database_ActiveRecord_ActiveRecord_Test::testTrigerSelfEvent
ok 22 - X\Database\Test\ActiveRecord\X_Database_ActiveRecord_ActiveRecord_Test::testAfterSave
ok 23 - X\Database\Test\ActiveRecord\X_Database_ActiveRecord_ActiveRecord_Test::testAfterInser
ok 24 - X\Database\Test\ActiveRecord\X_Database_ActiveRecord_ActiveRecord_Test::testAfterUpdate
ok 25 - X\Database\Test\ActiveRecord\X_Database_ActiveRecord_ActiveRecord_Test::testAfterValidate
ok 26 - X\Database\Test\ActiveRecord\X_Database_ActiveRecord_ActiveRecord_Test::testAfterFind
ok 27 - X\Database\Test\ActiveRecord\X_Database_ActiveRecord_ActiveRecord_Test::testAfterDelete
ok 28 - X\Database\Test\ActiveRecord\X_Database_ActiveRecord_ActiveRecord_Test::testBeforeSave
ok 29 - X\Database\Test\ActiveRecord\X_Database_ActiveRecord_ActiveRecord_Test::testBeforeInsert
ok 30 - X\Database\Test\ActiveRecord\X_Database_ActiveRecord_ActiveRecord_Test::testBeforeUpdate
ok 31 - X\Database\Test\ActiveRecord\X_Database_ActiveRecord_ActiveRecord_Test::testBeforeValidate
ok 32 - X\Database\Test\ActiveRecord\X_Database_ActiveRecord_ActiveRecord_Test::testBeforeFind
ok 33 - X\Database\Test\ActiveRecord\X_Database_ActiveRecord_ActiveRecord_Test::testBeforeDelete
ok 34 - X\Database\Test\ActiveRecord\X_Database_ActiveRecord_ActiveRecord_Test::testAddScope
ok 35 - X\Database\Test\ActiveRecord\X_Database_ActiveRecord_ActiveRecord_Test::testAddDefaultScope
ok 36 - X\Database\Test\ActiveRecord\X_Database_ActiveRecord_ActiveRecord_Test::testScope
ok 37 - X\Database\Test\ActiveRecord\X_Database_ActiveRecord_ActiveRecord_Test::testWithScope
ok 38 - X\Database\Test\ActiveRecord\X_Database_ActiveRecord_ActiveRecord_Test::testWithoutScope
ok 39 - X\Database\Test\ActiveRecord\X_Database_ActiveRecord_ActiveRecord_Test::testMergeConditionWithScope
ok 40 - X\Database\Test\ActiveRecord\X_Database_ActiveRecord_ActiveRecord_Test::testDoFind
ok 41 - X\Database\Test\ActiveRecord\X_Database_ActiveRecord_ActiveRecord_Test::testFind
ok 42 - X\Database\Test\ActiveRecord\X_Database_ActiveRecord_ActiveRecord_Test::testFindBySql
ok 43 - X\Database\Test\ActiveRecord\X_Database_ActiveRecord_ActiveRecord_Test::testFindByAttribute
ok 44 - X\Database\Test\ActiveRecord\X_Database_ActiveRecord_ActiveRecord_Test::testFindByCondition
ok 45 - X\Database\Test\ActiveRecord\X_Database_ActiveRecord_ActiveRecord_Test::testFindByPrimaryKey
ok 46 - X\Database\Test\ActiveRecord\X_Database_ActiveRecord_ActiveRecord_Test::testFindAllBySql
ok 47 - X\Database\Test\ActiveRecord\X_Database_ActiveRecord_ActiveRecord_Test::testFindAllByAttributes
ok 48 - X\Database\Test\ActiveRecord\X_Database_ActiveRecord_ActiveRecord_Test::testFindAllByCondition
ok 49 - X\Database\Test\ActiveRecord\X_Database_ActiveRecord_ActiveRecord_Test::testDelete
ok 50 - X\Database\Test\ActiveRecord\X_Database_ActiveRecord_ActiveRecord_Test::testDoDeleteAll
ok 51 - X\Database\Test\ActiveRecord\X_Database_ActiveRecord_ActiveRecord_Test::testDeleteAllBySql
ok 52 - X\Database\Test\ActiveRecord\X_Database_ActiveRecord_ActiveRecord_Test::testDeleteAllByAttributes
ok 53 - X\Database\Test\ActiveRecord\X_Database_ActiveRecord_ActiveRecord_Test::testDeleteAllByCondition
ok 54 - X\Database\Test\ActiveRecord\X_Database_ActiveRecord_ActiveRecord_Test::testDoUpdateAll
ok 55 - X\Database\Test\ActiveRecord\X_Database_ActiveRecord_ActiveRecord_Test::testUpdateAllBySql
ok 56 - X\Database\Test\ActiveRecord\X_Database_ActiveRecord_ActiveRecord_Test::testUpdateAllByAttributes
ok 57 - X\Database\Test\ActiveRecord\X_Database_ActiveRecord_ActiveRecord_Test::testDoUpdateAllByCondition
ok 58 - X\Database\Test\ActiveRecord\X_Database_ActiveRecord_ActiveRecord_Test::testDoSaveUpdate
ok 59 - X\Database\Test\ActiveRecord\X_Database_ActiveRecord_ActiveRecord_Test::testDoSaveInsert
ok 60 - X\Database\Test\ActiveRecord\X_Database_ActiveRecord_ActiveRecord_Test::testSave
ok 61 - X\Database\Test\ActiveRecord\X_Database_ActiveRecord_ActiveRecord_Test::testGetAttribute
ok 62 - X\Database\Test\ActiveRecord\X_Database_ActiveRecord_ActiveRecord_Test::testSetAttribute
ok 63 - X\Database\Test\ActiveRecord\X_Database_ActiveRecord_ActiveRecord_Test::testSetAttributes
ok 64 - X\Database\Test\ActiveRecord\X_Database_ActiveRecord_ActiveRecord_Test::testHasAttribute
ok 65 - X\Database\Test\ActiveRecord\X_Database_ActiveRecord_ActiveRecord_Test::testGetAttributeNames
ok 66 - X\Database\Test\ActiveRecord\X_Database_ActiveRecord_ActiveRecord_Test::testToArray
ok 67 - X\Database\Test\ActiveRecord\X_Database_ActiveRecord_ActiveRecord_Test::testValidate
ok 68 - X\Database\Test\ActiveRecord\X_Database_ActiveRecord_ActiveRecord_Test::testValidateAttribute
ok 69 - X\Database\Test\ActiveRecord\X_Database_ActiveRecord_ActiveRecord_Test::testHasError
ok 70 - X\Database\Test\ActiveRecord\X_Database_ActiveRecord_ActiveRecord_Test::testHasErrorOnAttribute
ok 71 - X\Database\Test\ActiveRecord\X_Database_ActiveRecord_ActiveRecord_Test::testGetErrors
ok 72 - X\Database\Test\ActiveRecord\X_Database_ActiveRecord_ActiveRecord_Test::testGetErrorOnAttribute
ok 73 - X\Database\Test\ActiveRecord\X_Database_ActiveRecord_ActiveRecord_Test::testHasOne
ok 74 - X\Database\Test\ActiveRecord\X_Database_ActiveRecord_ActiveRecord_Test::testHasMany
ok 75 - X\Database\Test\ActiveRecord\X_Database_ActiveRecord_ActiveRecord_Test::testManyToMany
ok 76 - X\Database\Test\ActiveRecord\X_Database_ActiveRecord_ActiveRecord_Test::testBelongsTo
ok 77 - X_Database_ActiveRecord_Column_Test::test__construct
ok 78 - X_Database_ActiveRecord_Column_Test::test__clone
ok 79 - X_Database_ActiveRecord_Column_Test::testSetRecord
ok 80 - X_Database_ActiveRecord_Column_Test::testSetMinLength
ok 81 - X_Database_ActiveRecord_Column_Test::testSetEmptiable
ok 82 - X_Database_ActiveRecord_Column_Test::testGetIsPrimaryKey
ok 83 - X_Database_ActiveRecord_Column_Test::testSetValue
ok 84 - X_Database_ActiveRecord_Column_Test::testGetValue
ok 85 - X_Database_ActiveRecord_Column_Test::testIsDirty
ok 86 - X_Database_ActiveRecord_Column_Test::testAddError
ok 87 - X_Database_ActiveRecord_Column_Test::testHasError
ok 88 - X_Database_ActiveRecord_Column_Test::testGetErrors
ok 89 - X_Database_ActiveRecord_Column_Test::testAddValidator
ok 90 - X_Database_ActiveRecord_Column_Test::testValidate
ok 91 - X_Database_ActiveRecord_Column_Test::testGetIsAutoIncrease
ok 92 - X_Database_ActiveRecord_Column_Test::testCleanDirty
ok 93 - X_Database_ActiveRecord_Column_Test::testRefresh
ok 94 - X_Database_Driver_Mysql_PDO_Test::test__construct
ok 95 - X_Database_Driver_Mysql_PDO_Test::testExec
ok 96 - X_Database_Driver_Mysql_PDO_Test::testQuery
ok 97 - X_Database_Driver_Mysql_PDO_Test::testQuote
ok 98 - X_Database_Driver_Mysql_PDO_Test::testLastInsertId
ok 99 - X_Database_Driver_Mysql_PDO_Test::testQuoteTableName
ok 100 - X_Database_Migration_ManagerTest::testUp
ok 101 - X_Database_Migration_ManagerTest::testDown
ok 102 - X_Database_Migration_MigrateTest::testMigrate
ok 103 - X_Database_SQL_SQLBuilder_Test::testBuild
ok 104 - X_Database_SQL_SQLBuilder_Test::testSelect
ok 105 - X_Database_SQL_SQLBuilder_Test::testInsert
ok 106 - X_Database_SQL_SQLBuilder_Test::testUpdate
ok 107 - X_Database_SQL_SQLBuilder_Test::testDelete
ok 108 - X_Database_SQL_Action_Action_With_Condition_Test::testWhere
ok 109 - X_Database_SQL_Action_Action_With_Condition_Test::testOrderBy
ok 110 - X_Database_SQL_Action_Action_With_Condition_Test::testLimit
ok 111 - X_Database_SQL_Action_Action_With_Condition_Test::testOffset
ok 112 - X_Database_SQL_Action_Base_Test::testToString
ok 113 - X_Database_SQL_Action_CreateTableTest::testColumns
ok 114 - X_Database_SQL_Action_Delete_Test::testLowPriority
ok 115 - X_Database_SQL_Action_Delete_Test::testQuick
ok 116 - X_Database_SQL_Action_Delete_Test::testIgnore
ok 117 - X_Database_SQL_Action_Delete_Test::testFrom
ok 118 - X_Database_SQL_Action_Delete_Test::testOrderBy
ok 119 - X_Database_SQL_Action_DropTableTest::testToString
ok 120 - X_Database_SQL_Action_Insert_Test::testInto
ok 121 - X_Database_SQL_Action_Insert_Test::testColumns
ok 122 - X_Database_SQL_Action_Insert_Test::testValues
ok 123 - X_Database_SQL_Action_Insert_Test::testSelect
ok 124 - X_Database_SQL_Action_Insert_Test::testOnDuplicateKeyUpdate
ok 125 - X_Database_SQL_Action_Insert_Test::testIgnoreOnDuplicateKey
ok 126 - X_Database_SQL_Action_Insert_Test::testPriority
ok 127 - X_Database_SQL_Action_RenameTest::testToString
ok 128 - X_Database_SQL_Action_Select_Test::testFilter
ok 129 - X_Database_SQL_Action_Select_Test::testColumns
ok 130 - X_Database_SQL_Action_Select_Test::testExpressions
ok 131 - X_Database_SQL_Action_Select_Test::testFrom
ok 132 - X_Database_SQL_Action_Select_Test::testGroupBy
ok 133 - X_Database_SQL_Action_Select_Test::testHaving
ok 134 - X_Database_SQL_Action_Select_Test::testIntoOutFile
ok 135 - X_Database_SQL_Action_Select_Test::testIntoDumpFile
ok 136 - X_Database_SQL_Action_Select_Test::testIntoVar
ok 137 - X_Database_SQL_Action_TruncateTest::testToString
ok 138 - X_Database_SQL_Action_Update_Test::testLowPriority
ok 139 - X_Database_SQL_Action_Update_Test::testIgnore
ok 140 - X_Database_SQL_Action_Update_Test::testTable
ok 141 - X_Database_SQL_Action_Update_Test::testSet
ok 142 - X_Database_SQL_Action_Update_Test::testSetValues
ok 143 - X_Database_SQL_Condition_Builder_Test::testSetNameStyle
ok 144 - X_Database_SQL_Condition_Builder_Test::test__call
ok 145 - X_Database_SQL_Condition_Builder_Test::testBuild
ok 146 - X_Database_SQL_Condition_Builder_Test::testAddCondition
ok 147 - X_Database_SQL_Condition_Builder_Test::testAddSigleCondition
ok 148 - X_Database_SQL_Condition_Builder_Test::testAddConnector
ok 149 - X_Database_SQL_Condition_Builder_Test::testIs
ok 150 - X_Database_SQL_Condition_Builder_Test::testIsNot
ok 151 - X_Database_SQL_Condition_Builder_Test::testEquals
ok 152 - X_Database_SQL_Condition_Builder_Test::testNotEquals
ok 153 - X_Database_SQL_Condition_Builder_Test::testGreaterThan
ok 154 - X_Database_SQL_Condition_Builder_Test::testGreaterOrEquals
ok 155 - X_Database_SQL_Condition_Builder_Test::testLessThan
ok 156 - X_Database_SQL_Condition_Builder_Test::testLessOrEquals
ok 157 - X_Database_SQL_Condition_Builder_Test::testLike
ok 158 - X_Database_SQL_Condition_Builder_Test::testStartWith
ok 159 - X_Database_SQL_Condition_Builder_Test::testEndWith
ok 160 - X_Database_SQL_Condition_Builder_Test::testBetween
ok 161 - X_Database_SQL_Condition_Builder_Test::testIn
ok 162 - X_Database_SQL_Condition_Builder_Test::testNotIn
ok 163 - X_Database_SQL_Condition_Builder_Test::testAndAlso
ok 164 - X_Database_SQL_Condition_Builder_Test::testOrThat
ok 165 - X_Database_SQL_Condition_Builder_Test::testGroupStart
ok 166 - X_Database_SQL_Condition_Builder_Test::testGroupEnd
ok 167 - X_Database_SQL_Condition_Builder_Test::testToString
ok 168 - X_Database_SQL_Condition_Condition_Test::test__construct
ok 169 - X_Database_SQL_Condition_Condition_Test::testToString
ok 170 - X_Database_SQL_Condition_Connector_Test::test__construct
ok 171 - X_Database_SQL_Condition_Connector_Test::testToString
ok 172 - X_Database_SQL_Condition_Group_Test::test__construct
ok 173 - X_Database_SQL_Condition_Group_Test::testToString
ok 174 - X_Database_SQL_Func_Count_Test::testToString
ok 175 - X_Database_SQL_Func_Rand_Test::testToString
ok 176 - X_Database_SQL_Other_DefaultValue_Test::testSQLBuilderDefaultValue
ok 177 - X_Database_Table_ManagerTest::testCreate
ok 178 - X_Database_Table_ManagerTest::testOpen
ok 179 - X_Database_Table_ManagerTest::testDrop
ok 180 - X_Database_Table_ManagerTest::testTruncate
ok 181 - X_Database_Table_ManagerTest::testRename
ok 182 - X_Database_Table_ManagerTest::testAddColumn
ok 183 - X_Database_Table_ManagerTest::testDropColumn
ok 184 - X_Database_Table_ManagerTest::testRenameColumn
ok 185 - X_Database_Table_ManagerTest::testChangeColumn
ok 186 - X_Database_Table_ManagerTest::testAddIndex
ok 187 - X_Database_Table_ManagerTest::testDropIndex
ok 188 - X_Database_Table_ManagerTest::testAddPrimaryKey
ok 189 - X_Database_Table_ManagerTest::testDropPrimaryKey
ok 190 - X_Database_Table_ManagerTest::testAddUnique
1..190
